{
  "title": "6 things from the allay",
  "description": "New comment — Metal Pipe Mace: \"this mace is unreasonably fun. the sound gets me every time\"\nHeld for review — Metal Pipe Mace: \"this mace is unreasonably fun. the sound gets me every time\"\nReported comment — Metal Pipe Mace: \"this mace is unreasonably fun. the sound gets me every time\"\nSync failed — Modrinth\nSync stale — YouTube\nNew comment — Metal Pipe Mace: \"second one\"",
  "url": "http://localhost:3000/admin/comments",
  "color": 4933078
}