NEW COMMENT


METAL PIPE MACE

The allay picked this up on Metal Pipe Mace, from creeperfan9:

"this mace is unreasonably fun. the sound gets me every time"

View comment http://localhost:3000/projects/metal-pipe-mace#comments

The allay emails you because comment mail is on. Manage in Settings. http://localhost:3000/admin/settings
— the allay. It picks things up and brings them to you. That's the whole job.