DIGEST


6 THINGS

The allay picked up 6 things. Here they are:

New comment — Metal Pipe Mace
"this mace is unreasonably fun"

New comment — Metal Pipe Mace
"the sound gets me every time"

Held for review — Heavy Spear
"does this work with the shield rework mod?"

Reported comment — Heavy Spear
"free diamonds at my site"

Sync failed — Modrinth
"429 rate limit"

New comment — Copper Golem Pack
"the little guy waves. 10/10"

Open admin http://localhost:3000/admin/comments

The allay emails you because digest mail is on. Manage in Settings. http://localhost:3000/admin/settings
— the allay. It waited until there was a pile. Here's the pile.